void id ()
{
	if (1 > 2 * 6 + 4)
	{
	};
	
	for ( int i = 7; i < 42; i = i + 1)
	